
===========================================================================
 report_power
============================================================================
======================= Fastest Corner ===================================

Group                  Internal  Switching    Leakage      Total
                          Power      Power      Power      Power (Watts)
----------------------------------------------------------------
Sequential             6.00e-04   1.11e-05   4.54e-09   6.11e-04  56.6%
Combinational          6.25e-05   7.33e-05   1.27e-08   1.36e-04  12.6%
Clock                  1.33e-04   1.99e-04   3.32e-09   3.32e-04  30.8%
Macro                  0.00e+00   0.00e+00   0.00e+00   0.00e+00   0.0%
Pad                    0.00e+00   0.00e+00   0.00e+00   0.00e+00   0.0%
----------------------------------------------------------------
Total                  7.95e-04   2.84e-04   2.06e-08   1.08e-03 100.0%
                          73.7%      26.3%       0.0%

======================= Slowest Corner ===================================

Group                  Internal  Switching    Leakage      Total
                          Power      Power      Power      Power (Watts)
----------------------------------------------------------------
Sequential             3.94e-04   7.14e-06   4.24e-06   4.05e-04  55.6%
Combinational          4.38e-05   4.82e-05   7.44e-06   9.94e-05  13.6%
Clock                  9.68e-05   1.27e-04   3.50e-07   2.24e-04  30.8%
Macro                  0.00e+00   0.00e+00   0.00e+00   0.00e+00   0.0%
Pad                    0.00e+00   0.00e+00   0.00e+00   0.00e+00   0.0%
----------------------------------------------------------------
Total                  5.35e-04   1.82e-04   1.20e-05   7.29e-04 100.0%
                          73.3%      25.0%       1.7%

======================= Typical Corner ===================================

Group                  Internal  Switching    Leakage      Total
                          Power      Power      Power      Power (Watts)
----------------------------------------------------------------
Sequential             5.11e-04   9.24e-06   2.51e-09   5.20e-04  56.5%
Combinational          5.50e-05   6.16e-05   6.29e-09   1.17e-04  12.7%
Clock                  1.17e-04   1.67e-04   2.50e-09   2.84e-04  30.9%
Macro                  0.00e+00   0.00e+00   0.00e+00   0.00e+00   0.0%
Pad                    0.00e+00   0.00e+00   0.00e+00   0.00e+00   0.0%
----------------------------------------------------------------
Total                  6.83e-04   2.38e-04   1.13e-08   9.21e-04 100.0%
                          74.2%      25.8%       0.0%

