Partial/Required:  3.24, Required:    400.0, Partial:  1295.97, Net: _18034_, Pin: _32987_/A2, Layer: met3
Partial/Required:  3.11, Required:    400.0, Partial:  1245.89, Net: _10414_, Pin: _19592_/B1, Layer: met1
Partial/Required:  2.61, Required:    400.0, Partial:  1044.22, Net: _14707_, Pin: _30785_/B, Layer: met1
Partial/Required:  2.35, Required:    400.0, Partial:   938.56, Net: _14479_, Pin: _24226_/B, Layer: met1
Partial/Required:  2.13, Required:    400.0, Partial:   852.71, Net: net35, Pin: _24656_/A2, Layer: met1
Partial/Required:  2.04, Required:    400.0, Partial:   817.13, Net: _18219_, Pin: _27377_/B1, Layer: met3
Partial/Required:  2.04, Required:    400.0, Partial:   817.13, Net: _18219_, Pin: _33165_/A2, Layer: met3
Partial/Required:  1.77, Required:    400.0, Partial:   706.77, Net: _04769_, Pin: _31644_/A, Layer: met1
Partial/Required:  1.69, Required:    400.0, Partial:   677.14, Net: _17170_, Pin: _26382_/A0, Layer: met3
Partial/Required:  1.69, Required:    400.0, Partial:   677.14, Net: _17170_, Pin: _35321_/A1, Layer: met3
Partial/Required:  1.62, Required:    400.0, Partial:   646.06, Net: _11668_, Pin: _36580_/A1, Layer: met2
Partial/Required:  1.39, Required:    400.0, Partial:   556.33, Net: _08413_, Pin: _35133_/A0, Layer: met1
Partial/Required:  1.37, Required:    400.0, Partial:   546.37, Net: _00077_, Pin: _29107_/B, Layer: met3
Partial/Required:  1.37, Required:    400.0, Partial:   546.37, Net: _00077_, Pin: _32785_/A2, Layer: met3
Partial/Required:  1.37, Required:    400.0, Partial:   546.37, Net: _00077_, Pin: _32905_/C, Layer: met3
Partial/Required:  1.36, Required:    400.0, Partial:   543.61, Net: _17576_, Pin: _26458_/B, Layer: met3
Partial/Required:  1.20, Required:    400.0, Partial:   480.27, Net: _05544_, Pin: _29370_/B2, Layer: met3
Partial/Required:  1.20, Required:    400.0, Partial:   480.27, Net: _05544_, Pin: _31736_/A, Layer: met3
Partial/Required:  1.20, Required:    400.0, Partial:   480.27, Net: _05544_, Pin: _20825_/A, Layer: met3
Partial/Required:  1.20, Required:    400.0, Partial:   480.27, Net: _05544_, Pin: _31243_/A, Layer: met3
Partial/Required:  1.18, Required:    400.0, Partial:    473.5, Net: _11704_, Pin: _21021_/A, Layer: met2
Partial/Required:  1.17, Required:    400.0, Partial:   468.11, Net: _08426_, Pin: _35157_/A0, Layer: met1
Partial/Required:  1.17, Required:    400.0, Partial:   467.47, Net: _17231_, Pin: _35336_/A0, Layer: met2
Partial/Required:  1.17, Required:    400.0, Partial:   467.47, Net: _17231_, Pin: _26441_/B, Layer: met2
Partial/Required:  1.11, Required:    400.0, Partial:   443.53, Net: _03960_, Pin: _32969_/A1, Layer: met1
Partial/Required:  1.09, Required:    400.0, Partial:   435.44, Net: net27, Pin: _24351_/B, Layer: met1
Partial/Required:  1.06, Required:    400.0, Partial:   425.72, Net: net18, Pin: output18/A, Layer: met1
