
===========================================================================
 report_power
============================================================================
======================= Fastest Corner ===================================

Group                  Internal  Switching    Leakage      Total
                          Power      Power      Power      Power (Watts)
----------------------------------------------------------------
Sequential             8.78e-04   4.91e-05   6.74e-09   9.27e-04  19.6%
Combinational          1.15e-03   2.02e-03   1.45e-07   3.16e-03  67.0%
Clock                  2.66e-04   3.65e-04   3.59e-08   6.32e-04  13.4%
Macro                  0.00e+00   0.00e+00   0.00e+00   0.00e+00   0.0%
Pad                    0.00e+00   0.00e+00   0.00e+00   0.00e+00   0.0%
----------------------------------------------------------------
Total                  2.29e-03   2.43e-03   1.87e-07   4.72e-03 100.0%
                          48.5%      51.5%       0.0%

======================= Slowest Corner ===================================

Group                  Internal  Switching    Leakage      Total
                          Power      Power      Power      Power (Watts)
----------------------------------------------------------------
Sequential             5.79e-04   3.27e-05   6.02e-06   6.18e-04  18.7%
Combinational          8.31e-04   1.34e-03   8.21e-05   2.25e-03  68.2%
Clock                  1.93e-04   2.36e-04   7.52e-07   4.30e-04  13.0%
Macro                  0.00e+00   0.00e+00   0.00e+00   0.00e+00   0.0%
Pad                    0.00e+00   0.00e+00   0.00e+00   0.00e+00   0.0%
----------------------------------------------------------------
Total                  1.60e-03   1.61e-03   8.89e-05   3.30e-03 100.0%
                          48.6%      48.7%       2.7%

======================= Typical Corner ===================================

Group                  Internal  Switching    Leakage      Total
                          Power      Power      Power      Power (Watts)
----------------------------------------------------------------
Sequential             7.49e-04   4.16e-05   3.54e-09   7.91e-04  19.4%
Combinational          1.03e-03   1.71e-03   6.77e-08   2.74e-03  67.2%
Clock                  2.34e-04   3.07e-04   3.43e-08   5.42e-04  13.3%
Macro                  0.00e+00   0.00e+00   0.00e+00   0.00e+00   0.0%
Pad                    0.00e+00   0.00e+00   0.00e+00   0.00e+00   0.0%
----------------------------------------------------------------
Total                  2.01e-03   2.05e-03   1.06e-07   4.07e-03 100.0%
                          49.5%      50.5%       0.0%

