
===========================================================================
 report_power
============================================================================
======================= Fastest Corner ===================================

Group                  Internal  Switching    Leakage      Total
                          Power      Power      Power      Power (Watts)
----------------------------------------------------------------
Sequential             8.78e-04   4.62e-05   6.74e-09   9.25e-04  20.1%
Combinational          1.15e-03   1.92e-03   1.45e-07   3.07e-03  66.6%
Clock                  2.66e-04   3.45e-04   3.59e-08   6.11e-04  13.3%
Macro                  0.00e+00   0.00e+00   0.00e+00   0.00e+00   0.0%
Pad                    0.00e+00   0.00e+00   0.00e+00   0.00e+00   0.0%
----------------------------------------------------------------
Total                  2.29e-03   2.31e-03   1.87e-07   4.60e-03 100.0%
                          49.8%      50.2%       0.0%

======================= Slowest Corner ===================================

Group                  Internal  Switching    Leakage      Total
                          Power      Power      Power      Power (Watts)
----------------------------------------------------------------
Sequential             5.79e-04   3.08e-05   6.02e-06   6.16e-04  19.1%
Combinational          8.31e-04   1.27e-03   8.21e-05   2.19e-03  67.9%
Clock                  1.93e-04   2.22e-04   7.52e-07   4.16e-04  12.9%
Macro                  0.00e+00   0.00e+00   0.00e+00   0.00e+00   0.0%
Pad                    0.00e+00   0.00e+00   0.00e+00   0.00e+00   0.0%
----------------------------------------------------------------
Total                  1.60e-03   1.53e-03   8.89e-05   3.22e-03 100.0%
                          49.8%      47.4%       2.8%

======================= Typical Corner ===================================

Group                  Internal  Switching    Leakage      Total
                          Power      Power      Power      Power (Watts)
----------------------------------------------------------------
Sequential             7.49e-04   3.92e-05   3.54e-09   7.88e-04  19.9%
Combinational          1.03e-03   1.62e-03   6.77e-08   2.65e-03  66.9%
Clock                  2.34e-04   2.90e-04   3.43e-08   5.25e-04  13.2%
Macro                  0.00e+00   0.00e+00   0.00e+00   0.00e+00   0.0%
Pad                    0.00e+00   0.00e+00   0.00e+00   0.00e+00   0.0%
----------------------------------------------------------------
Total                  2.01e-03   1.95e-03   1.06e-07   3.97e-03 100.0%
                          50.8%      49.2%       0.0%

