
===========================================================================
 report_power
============================================================================
======================= Fastest Corner ===================================

Group                  Internal  Switching    Leakage      Total
                          Power      Power      Power      Power (Watts)
----------------------------------------------------------------
Sequential             8.78e-04   5.13e-05   6.74e-09   9.30e-04  19.2%
Combinational          1.15e-03   2.11e-03   1.45e-07   3.26e-03  67.3%
Clock                  2.67e-04   3.86e-04   3.59e-08   6.53e-04  13.5%
Macro                  0.00e+00   0.00e+00   0.00e+00   0.00e+00   0.0%
Pad                    0.00e+00   0.00e+00   0.00e+00   0.00e+00   0.0%
----------------------------------------------------------------
Total                  2.29e-03   2.55e-03   1.87e-07   4.84e-03 100.0%
                          47.4%      52.6%       0.0%

======================= Slowest Corner ===================================

Group                  Internal  Switching    Leakage      Total
                          Power      Power      Power      Power (Watts)
----------------------------------------------------------------
Sequential             5.79e-04   3.43e-05   6.02e-06   6.20e-04  18.3%
Combinational          8.31e-04   1.40e-03   8.21e-05   2.32e-03  68.5%
Clock                  1.94e-04   2.50e-04   7.52e-07   4.44e-04  13.1%
Macro                  0.00e+00   0.00e+00   0.00e+00   0.00e+00   0.0%
Pad                    0.00e+00   0.00e+00   0.00e+00   0.00e+00   0.0%
----------------------------------------------------------------
Total                  1.60e-03   1.69e-03   8.89e-05   3.38e-03 100.0%
                          47.5%      49.9%       2.6%

======================= Typical Corner ===================================

Group                  Internal  Switching    Leakage      Total
                          Power      Power      Power      Power (Watts)
----------------------------------------------------------------
Sequential             7.49e-04   4.35e-05   3.54e-09   7.93e-04  19.0%
Combinational          1.03e-03   1.79e-03   6.77e-08   2.82e-03  67.6%
Clock                  2.35e-04   3.25e-04   3.43e-08   5.60e-04  13.4%
Macro                  0.00e+00   0.00e+00   0.00e+00   0.00e+00   0.0%
Pad                    0.00e+00   0.00e+00   0.00e+00   0.00e+00   0.0%
----------------------------------------------------------------
Total                  2.02e-03   2.16e-03   1.06e-07   4.17e-03 100.0%
                          48.3%      51.7%       0.0%

